// Jest Snapshot v1, https://goo.gl/fbAQLP

exports[`Welcome component <Welcome /> Snapshot 1`] = `
<div>
  <h1>
    Hello World
  </h1>
  <h2>
    Goodbye World
  </h2>
  <p>
    123
  </p>
</div>
`;
